$ a b c e f g i l n o p r s t u v y 
b c l l t $ c r e $ n o r t v $ e $ a g i s n e i f i s a i p $ i y n e $ 
l t $ e $ i t f s c g s n i y e $ b $ v p $ a c r r e n a i l t e i o $ i r 
e $ i $ o i e a i t $ p $ a n $ r l e e i b t f i c g l t $ y c r n v s 
$ o n o c l t i e i b g s e r c r l i e n t $ $ y $ t i $ a e a i 
n $ a n t $ y o c r l $ a i $ s t i e o c g i $ i n b r l t 
$ a b $ i $ n t i e l t a i i n $ n t $ o o g l s $ y 
b l o $ i n $ $ y l t o g $ i n n $ e a i $ 
l e n o g $ $ y n $ o $ $ $ l t 
e $ $ n $ $ $ n $ y 
$ $ $ $ 
