$ a ble ct e fection g i l n on p r s t univers vers y 
ble ct l $ $ ion $ ction r $ $ n on ring ty vers $ e $ able g ivers sp $ able e iring fection ing s al ity p $ ion y al ity al ity $ 
$ $ ion $ $ able $ fection s g sp $ able $ $ al ity $ $ $ al ity ection iring $ ction rfection $ $ $ al ity $ $ ection iring $ able $ $ $ $ $ 
$ able $ $ al ity $ ection iring $ $ $ $ $ $ $ $ $ $ $ $ $ $ 
$ $ $ $ $ 
