$ a banter c d e f grass ho i lience m n o p r s t u verance weed 
horse n ss weed $ e o $ ifference $ a d ed nce r si verance erence ference $ hopper pper rse ence fference lience stance $ $ puter ce ter mputer pper r unter er per uter $ a e m se $ e hopper i s t ance er orm nter ter $ $ 
$ ce ter $ hopper $ $ mputer unter $ horse weed $ $ $ $ ance ence severance lience stance $ $ $ $ $ $ $ $ $ $ $ $ $ $ $ m se $ $ severance $ $ nce ss nce si $ $ verance $ a verance $ lience stance $ hopper ance orm $ $ $ $ $ 
$ $ $ $ $ $ $ $ $ $ $ $ $ $ $ $ $ hopper $ lience stance $ horse weed $ $ $ $ $ $ 
$ $ $ $ $ 
